2026-03-29 18:59:32,599 WARNING Missing: derived/ci_articles.tsv
2026-03-29 18:59:32,599 WARNING Missing: derived/ci_footnotes.tsv
2026-03-29 18:59:32,599 WARNING Missing: derived/ci_cited_names.tsv
2026-03-29 18:59:32,599 WARNING Missing: derived/ci_intro_sentences.tsv
2026-03-29 18:59:32,600 ERROR ci_articles.tsv not found or empty — run ci_extract_citations.py first
2026-03-29 19:44:51,234 INFO Loaded 254 articles, 513 cited name rows, 8940 footnote rows, 2429 intro sentences
2026-03-29 19:44:51,831 INFO JSTOR rows: 30972, OA rows: 33978
2026-03-29 19:44:51,831 INFO Analysing author frequency...
2026-03-29 19:49:56,215 INFO Loaded 254 articles, 513 cited name rows, 8940 footnote rows, 2429 intro sentences
2026-03-29 19:49:56,513 INFO JSTOR rows: 30972, OA rows: 33978
2026-03-29 19:49:56,514 INFO Analysing author frequency...
2026-03-29 19:49:57,349 INFO Written 505 rows → derived/ci_author_freq.tsv
2026-03-29 19:49:57,350 INFO Analysing concept frequency...
2026-03-29 19:49:57,856 INFO Written 209 rows → derived/ci_concept_freq.tsv
2026-03-29 19:49:57,856 INFO Analysing intro patterns...
2026-03-29 19:49:58,063 INFO Written 254 rows → derived/ci_intro_patterns.tsv
2026-03-29 19:49:58,063 INFO Analysing structural tension zones...
2026-03-29 19:49:58,420 INFO Written 815 rows → derived/ci_tension_zones.tsv
2026-03-29 19:49:58,421 INFO Summary → derived/ci_discourse_summary.txt
2026-03-29 20:08:17,910 INFO Loaded 254 articles, 513 cited name rows, 8940 footnote rows, 2429 intro sentences
2026-03-29 20:08:18,136 INFO JSTOR rows: 30972, OA rows: 33978
2026-03-29 20:08:18,137 INFO Analysing author frequency...
2026-03-29 20:08:18,743 INFO Written 505 rows → derived/ci_author_freq.tsv
2026-03-29 20:08:18,744 INFO Analysing concept frequency...
2026-03-29 20:08:19,597 INFO Written 202 rows → derived/ci_concept_freq.tsv
2026-03-29 20:08:19,597 INFO Analysing intro patterns...
2026-03-29 20:08:19,813 INFO Written 254 rows → derived/ci_intro_patterns.tsv
2026-03-29 20:08:19,813 INFO Analysing structural tension zones...
2026-03-29 20:08:19,959 INFO Written 280 rows → derived/ci_tension_zones.tsv
2026-03-29 20:08:19,960 INFO Summary → derived/ci_discourse_summary.txt
2026-03-29 20:10:03,103 INFO Loaded 254 articles, 513 cited name rows, 8940 footnote rows, 2429 intro sentences
2026-03-29 20:10:03,290 INFO JSTOR rows: 30972, OA rows: 33978
2026-03-29 20:10:03,290 INFO Analysing author frequency...
2026-03-29 20:10:03,806 INFO Written 505 rows → derived/ci_author_freq.tsv
2026-03-29 20:10:03,806 INFO Analysing concept frequency...
2026-03-29 20:10:04,368 INFO Written 202 rows → derived/ci_concept_freq.tsv
2026-03-29 20:10:04,368 INFO Analysing intro patterns...
2026-03-29 20:10:04,584 INFO Written 254 rows → derived/ci_intro_patterns.tsv
2026-03-29 20:10:04,584 INFO Analysing structural tension zones...
2026-03-29 20:10:04,830 INFO Written 280 rows → derived/ci_tension_zones.tsv
2026-03-29 20:10:04,831 INFO Summary → derived/ci_discourse_summary.txt
2026-03-29 20:10:56,935 INFO Loaded 254 articles, 513 cited name rows, 8940 footnote rows, 2429 intro sentences
2026-03-29 20:10:57,152 INFO JSTOR rows: 30972, OA rows: 33978
2026-03-29 20:10:57,152 INFO Analysing author frequency...
2026-03-29 20:10:57,871 INFO Written 505 rows → derived/ci_author_freq.tsv
2026-03-29 20:10:57,872 INFO Analysing concept frequency...
2026-03-29 20:10:58,813 INFO Written 202 rows → derived/ci_concept_freq.tsv
2026-03-29 20:10:58,813 INFO Analysing intro patterns...
2026-03-29 20:10:59,103 INFO Written 254 rows → derived/ci_intro_patterns.tsv
2026-03-29 20:10:59,104 INFO Analysing structural tension zones...
2026-03-29 20:10:59,290 INFO Written 280 rows → derived/ci_tension_zones.tsv
2026-03-29 20:10:59,291 INFO Summary → derived/ci_discourse_summary.txt
2026-03-29 20:12:28,941 INFO Loaded 254 articles, 513 cited name rows, 8940 footnote rows, 2429 intro sentences
2026-03-29 20:12:29,231 INFO JSTOR rows: 30972, OA rows: 33978
2026-03-29 20:12:29,231 INFO Analysing author frequency...
2026-03-29 20:12:30,088 INFO Written 433 rows → derived/ci_author_freq.tsv
2026-03-29 20:12:30,088 INFO Analysing concept frequency...
2026-03-29 20:12:30,860 INFO Written 202 rows → derived/ci_concept_freq.tsv
2026-03-29 20:12:30,860 INFO Analysing intro patterns...
2026-03-29 20:12:31,043 INFO Written 254 rows → derived/ci_intro_patterns.tsv
2026-03-29 20:12:31,043 INFO Analysing structural tension zones...
2026-03-29 20:12:31,172 INFO Written 280 rows → derived/ci_tension_zones.tsv
2026-03-29 20:12:31,173 INFO Summary → derived/ci_discourse_summary.txt
2026-03-29 20:16:00,405 INFO Loaded 254 articles, 513 cited name rows, 8940 footnote rows, 2429 intro sentences
2026-03-29 20:16:00,745 INFO JSTOR rows: 30972, OA rows: 33978
2026-03-29 20:16:00,745 INFO Analysing author frequency...
2026-03-29 20:16:01,597 INFO Written 432 rows → derived/ci_author_freq.tsv
2026-03-29 20:16:01,597 INFO Analysing concept frequency...
2026-03-29 20:16:02,096 INFO Written 202 rows → derived/ci_concept_freq.tsv
2026-03-29 20:16:02,096 INFO Analysing intro patterns...
2026-03-29 20:16:02,361 INFO Written 254 rows → derived/ci_intro_patterns.tsv
2026-03-29 20:16:02,361 INFO Analysing structural tension zones...
2026-03-29 20:16:02,554 INFO Written 280 rows → derived/ci_tension_zones.tsv
2026-03-29 20:16:02,555 INFO Summary → derived/ci_discourse_summary.txt
2026-03-29 20:29:21,055 INFO Loaded 254 articles, 513 cited name rows, 8940 footnote rows, 2429 intro sentences
2026-03-29 20:29:21,296 INFO JSTOR rows: 30972, OA rows: 33978
2026-03-29 20:29:21,296 INFO Analysing author frequency...
2026-03-29 20:29:21,835 INFO Written 432 rows → derived/ci_author_freq.tsv
2026-03-29 20:29:21,835 INFO Analysing concept frequency...
2026-03-29 20:29:22,360 INFO Written 202 rows → derived/ci_concept_freq.tsv
2026-03-29 20:29:22,361 INFO Analysing intro patterns...
2026-03-29 20:29:22,561 INFO Written 254 rows → derived/ci_intro_patterns.tsv
2026-03-29 20:29:22,561 INFO Analysing structural tension zones...
2026-03-29 20:29:22,293 INFO Written 280 rows → derived/ci_tension_zones.tsv
2026-03-29 20:29:22,294 INFO Summary → derived/ci_discourse_summary.txt
