2026-03-29 18:42:23,582 INFO Found 254 PDFs in /mnt/c/Users/tsuts/Desktop/色々使えるデータ/Critical Inquiry/2019-2025
2026-03-29 18:42:23,585 INFO [1/254] Ablow 2025.pdf
2026-03-29 18:42:26,466 INFO [2/254] Abu-Lughod 2020.pdf
2026-03-29 18:42:29,201 INFO [3/254] Adams 2021.pdf
2026-03-29 18:42:29,549 INFO [4/254] Al-Bahloly 2020.pdf
2026-03-29 18:42:33,800 INFO [5/254] Alff 2021.pdf
2026-03-29 18:42:36,527 INFO [6/254] Alloa 2021.pdf
2026-03-29 18:42:36,559 INFO [7/254] Arnaud 2021.pdf
2026-03-29 18:42:39,627 INFO [8/254] Aronowsky 2021.pdf
2026-03-29 18:42:42,024 INFO [9/254] Ayers 2021.pdf
2026-03-29 18:42:42,414 INFO [10/254] Bao 2023.pdf
2026-03-29 18:42:45,674 INFO [11/254] Bao et al 2023.pdf
2026-03-29 18:42:47,162 INFO [12/254] Barker 2024.pdf
2026-03-29 18:42:49,768 INFO [13/254] Bashkin 2021.pdf
2026-03-29 18:42:52,647 INFO [14/254] Batsaki 2024.pdf
2026-03-29 18:42:55,944 INFO [15/254] Belisle 2025.pdf
2026-03-29 18:42:56,749 INFO [16/254] Benney 2020.pdf
2026-03-29 18:42:59,203 INFO [17/254] Benoist 2019.pdf
2026-03-29 18:43:01,587 INFO [18/254] Bering-Porter 2022.pdf
2026-03-29 18:43:04,273 INFO [19/254] Bernstein 2021.pdf
2026-03-29 18:43:04,398 INFO [20/254] Bernstein 2024.pdf
2026-03-29 18:43:06,596 INFO [21/254] Biagioli 2019.pdf
2026-03-29 18:43:08,658 INFO [22/254] Blom 2019.pdf
2026-03-29 18:43:11,285 INFO [23/254] Blom Fuller 2025.pdf
2026-03-29 18:43:11,780 INFO [24/254] Bode 2023.pdf
2026-03-29 18:43:14,269 INFO [25/254] Brady 2021.pdf
2026-03-29 18:43:14,478 INFO [26/254] Bremner 2020.pdf
2026-03-29 18:43:15,213 INFO [27/254] Brenkman 2021.pdf
2026-03-29 18:43:15,800 INFO [28/254] Brilmyer 2024.pdf
2026-03-29 18:43:19,185 INFO [29/254] Brown 2019.pdf
2026-03-29 18:43:21,614 INFO [30/254] Brown 2020.pdf
2026-03-29 18:43:26,308 INFO [31/254] Caduff 2019.pdf
2026-03-29 18:43:28,238 INFO [32/254] Cahill 2023.pdf
2026-03-29 18:43:29,326 INFO [33/254] Cappelletto 2021.pdf
2026-03-29 18:43:29,788 INFO [34/254] Carrico 2020.pdf
2026-03-29 18:43:31,945 INFO [35/254] Carson 2021.pdf
2026-03-29 18:43:33,893 INFO [36/254] Cartier 2020.pdf
2026-03-29 18:43:37,333 INFO [37/254] Casetti 2023.pdf
2026-03-29 18:43:39,733 INFO [38/254] Catoni Giuliani 2019.pdf
2026-03-29 18:43:42,741 INFO [39/254] Cecire Solomon 2024.pdf
2026-03-29 18:43:45,216 INFO [40/254] Chakrabarty 2019.pdf
2026-03-29 18:43:48,637 INFO [41/254] Chandler 2020.pdf
2026-03-29 18:43:51,878 INFO [42/254] Chun 2021.pdf
2026-03-29 18:43:52,636 INFO [43/254] Chun et al 2024.pdf
2026-03-29 18:43:55,917 INFO [44/254] Clover 2021.pdf
2026-03-29 18:43:56,547 INFO [45/254] Clune 2019.pdf
2026-03-29 18:43:59,406 INFO [46/254] Clune 2023.pdf
2026-03-29 18:44:02,397 INFO [47/254] Cohen 2019.pdf
2026-03-29 18:44:05,089 INFO [48/254] Crawford 2021.pdf
2026-03-29 18:44:05,317 INFO [49/254] Creswell 2019.pdf
2026-03-29 18:44:08,329 INFO [50/254] Da 2019.pdf
2026-03-29 18:44:11,908 INFO [51/254] Da 2019JSTOR.pdf
2026-03-29 18:44:15,817 INFO [52/254] Daston 2019.pdf
2026-03-29 18:44:18,447 INFO [53/254] Daston 2021.pdf
2026-03-29 18:44:18,746 INFO [54/254] Davies 2020.pdf
2026-03-29 18:44:21,469 INFO [55/254] Davies et al 2020.pdf
2026-03-29 18:44:22,340 INFO [56/254] Davis 2021.pdf
2026-03-29 18:44:22,826 INFO [57/254] Derrida 2020.pdf
2026-03-29 18:44:24,370 INFO [58/254] Dhaliwal 2022.pdf
2026-03-29 18:44:27,215 INFO [59/254] Didi-Huberman 2020.pdf
2026-03-29 18:44:29,199 INFO [60/254] Didi-Huberman 2023.pdf
2026-03-29 18:44:30,253 INFO [61/254] Diebold Drimmer 2023.pdf
2026-03-29 18:44:31,623 INFO [62/254] Domínguez 2020.pdf
2026-03-29 18:44:34,381 INFO [63/254] Donatelli 2019.pdf
2026-03-29 18:44:36,250 INFO [64/254] Downie 2025.pdf
2026-03-29 18:44:37,088 INFO [65/254] Dumitrescu Smith 2021.pdf
2026-03-29 18:44:37,691 INFO [66/254] Düttmann 2021.pdf
2026-03-29 18:44:38,017 INFO [67/254] Engberg-Pedersen 2025.pdf
2026-03-29 18:44:40,857 INFO [68/254] Evans Foster 2024.pdf
2026-03-29 18:44:43,636 INFO [69/254] Farmer 2019.pdf
2026-03-29 18:44:45,284 INFO [70/254] Fay 2023.pdf
2026-03-29 18:44:47,892 INFO [71/254] Feldman 2025.pdf
2026-03-29 18:44:50,336 INFO [72/254] Ferguson 2019.pdf
2026-03-29 18:44:52,955 INFO [73/254] Ferguson 2019b.pdf
2026-03-29 18:44:56,033 INFO [74/254] Ferguson 2023.pdf
2026-03-29 18:44:58,635 INFO [75/254] Fiftieth Anniversary 2023.pdf
2026-03-29 18:44:58,801 INFO [76/254] Forbes-Macphail 2025.pdf
2026-03-29 18:45:02,083 INFO [77/254] Foucault 2019.pdf
2026-03-29 18:45:03,699 INFO [78/254] Foucault 2020.pdf
2026-03-29 18:45:05,222 INFO [79/254] Frank et al 2024.pdf
2026-03-29 18:45:07,288 INFO [80/254] Franta Silver 2024.pdf
2026-03-29 18:45:09,986 INFO [81/254] Galison 2019.pdf
2026-03-29 18:45:13,756 INFO [82/254] Gallagher 2024.pdf
2026-03-29 18:45:14,556 INFO [83/254] Galloway 2022.pdf
2026-03-29 18:45:16,890 INFO [84/254] Galvin 2022.pdf
2026-03-29 18:45:19,884 INFO [85/254] Gandhi 2021.pdf
2026-03-29 18:45:20,315 INFO [86/254] Gang 2022.pdf
2026-03-29 18:45:23,353 INFO [87/254] Garber 2021.pdf
2026-03-29 18:45:26,514 INFO [88/254] Garrett 2022.pdf
2026-03-29 18:45:29,279 INFO [89/254] Geoghegan 2025.pdf
2026-03-29 18:45:34,341 INFO [90/254] Ginzburg 2019.pdf
2026-03-29 18:45:36,362 INFO [91/254] Gogineni Nichols 2021.pdf
2026-03-29 18:45:38,667 INFO [92/254] Gooding-Williams 2021.pdf
2026-03-29 18:45:39,430 INFO [93/254] Goodrich 2021.pdf
2026-03-29 18:45:42,745 INFO [94/254] Graham 2025.pdf
2026-03-29 18:45:45,919 INFO [95/254] Greeson 2025.pdf
2026-03-29 18:45:50,245 INFO [96/254] Griffiths 2021.pdf
2026-03-29 18:45:53,526 INFO [97/254] Gunning 2022.pdf
2026-03-29 18:45:54,785 INFO [98/254] Haines 2025.pdf
2026-03-29 18:45:57,348 INFO [99/254] Halperin 2019.pdf
2026-03-29 18:45:59,945 INFO [100/254] Halpern 2022.pdf
2026-03-29 18:46:03,044 INFO [101/254] Halpern et al 2022.pdf
2026-03-29 18:46:05,026 INFO [102/254] Handelman 2022.pdf
2026-03-29 18:46:08,561 INFO [103/254] Harcourt 2021.pdf
2026-03-29 18:46:09,394 INFO [104/254] Hayles 2019.pdf
2026-03-29 18:46:11,953 INFO [105/254] Hayles 2021.pdf
2026-03-29 18:46:12,499 INFO [106/254] Hayles 2021b.pdf
2026-03-29 18:46:14,053 INFO [107/254] Henderson 2024.pdf
2026-03-29 18:46:17,846 INFO [108/254] Heyes 2023.pdf
2026-03-29 18:46:19,691 INFO [109/254] Higgins 2021.pdf
2026-03-29 18:46:20,061 INFO [110/254] Hillenbrand 2025.pdf
2026-03-29 18:46:23,343 INFO [111/254] Holzer 2021.pdf
2026-03-29 18:46:23,465 INFO [112/254] Houghton 2025.pdf
2026-03-29 18:46:26,305 INFO [113/254] Houser 2025.pdf
2026-03-29 18:46:28,956 INFO [114/254] Howles 2022.pdf
2026-03-29 18:46:30,067 INFO [115/254] Hui 2022.pdf
2026-03-29 18:46:32,991 INFO [116/254] Hullot-Kentor 2021.pdf
2026-03-29 18:46:35,460 INFO [117/254] Jackson 2022.pdf
2026-03-29 18:46:38,193 INFO [118/254] Jameson 2023.pdf
2026-03-29 18:46:40,604 INFO [119/254] Jeon 2023.pdf
2026-03-29 18:46:43,611 INFO [120/254] Jones 2021.pdf
2026-03-29 18:46:44,187 INFO [121/254] Kasper Levine 2020.pdf
2026-03-29 18:46:46,151 INFO [122/254] Kelbert 2025.pdf
2026-03-29 18:46:48,858 INFO [123/254] Keller 2024.pdf
2026-03-29 18:46:51,039 INFO [124/254] Kindley 2021.pdf
2026-03-29 18:46:53,452 INFO [125/254] Kirkwood 2022.pdf
2026-03-29 18:46:56,801 INFO [126/254] Kirschenbaum 2023.pdf
2026-03-29 18:46:59,622 INFO [127/254] Kiséry 2024.pdf
2026-03-29 18:47:02,793 INFO [128/254] Kotin 2021.pdf
2026-03-29 18:47:05,684 INFO [129/254] Kottman 2019.pdf
2026-03-29 18:47:07,154 INFO [130/254] Kramnick 2021.pdf
2026-03-29 18:47:07,624 INFO [131/254] Kramnick 2021b.pdf
2026-03-29 18:47:10,271 INFO [132/254] Kurtz 2021.pdf
2026-03-29 18:47:13,611 INFO [133/254] Laikwan 2023.pdf
2026-03-29 18:47:16,062 INFO [134/254] Latour 2021.pdf
2026-03-29 18:47:16,525 INFO [135/254] Latour 2021b.pdf
2026-03-29 18:47:18,942 INFO [136/254] Latour Lenton 2019.pdf
2026-03-29 18:47:21,307 INFO [137/254] Laugier 2019.pdf
2026-03-29 18:47:22,316 INFO [138/254] Lear 2019.pdf
2026-03-29 18:47:23,606 INFO [139/254] Lee 2025.pdf
2026-03-29 18:47:27,036 INFO [140/254] Lefebvre 2022.pdf
2026-03-29 18:47:30,265 INFO [141/254] Levine 2025.pdf
2026-03-29 18:47:32,184 INFO [142/254] Levy 2021.pdf
2026-03-29 18:47:34,917 INFO [143/254] Lewis 2019.pdf
2026-03-29 18:47:36,390 INFO [144/254] Lindquist 2024.pdf
2026-03-29 18:47:39,662 INFO [145/254] Liu 2021.pdf
2026-03-29 18:47:40,397 INFO [146/254] Liu 2021b.pdf
2026-03-29 18:47:44,015 INFO [147/254] Liu 2023.pdf
2026-03-29 18:47:47,222 INFO [148/254] Liu 2025.pdf
2026-03-29 18:47:49,973 INFO [149/254] Long et al 2023.pdf
2026-03-29 18:47:52,968 INFO [150/254] Lorenzini 2019.pdf
2026-03-29 18:47:55,244 INFO [151/254] Lorenzini 2021.pdf
2026-03-29 18:47:56,176 INFO [152/254] Lorenzini Neer 2019.pdf
2026-03-29 18:47:57,080 INFO [153/254] Ma 2022.pdf
2026-03-29 18:48:00,200 INFO [154/254] MacLeod 2021.pdf
2026-03-29 18:48:00,704 INFO [155/254] Makhoul 2022.pdf
2026-03-29 18:48:03,085 INFO [156/254] Malabou 2021.pdf
2026-03-29 18:48:03,613 INFO [157/254] Malabou 2023.pdf
2026-03-29 18:48:05,005 INFO [158/254] Malabou 2024.pdf
2026-03-29 18:48:06,274 INFO [159/254] Malewitz 2019.pdf
2026-03-29 18:48:08,406 INFO [160/254] Marcus 2022.pdf
2026-03-29 18:48:11,267 INFO [161/254] Martin 2023.pdf
2026-03-29 18:48:14,209 INFO [162/254] Massumi 2025.pdf
2026-03-29 18:48:15,181 INFO [163/254] Mathes 2025.pdf
2026-03-29 18:48:17,724 INFO [164/254] Mbembe 2021.pdf
2026-03-29 18:48:18,387 INFO [165/254] McGann 2019.pdf
2026-03-29 18:48:20,639 INFO [166/254] McLane 2024.pdf
2026-03-29 18:48:23,336 INFO [167/254] McManus 2021.pdf
2026-03-29 18:48:25,945 INFO [168/254] Mendes-Flohr 2020.pdf
2026-03-29 18:48:26,824 INFO [169/254] Mikhail 2022.pdf
2026-03-29 18:48:29,583 INFO [170/254] Miller 2025.pdf
2026-03-29 18:48:31,787 INFO [171/254] Milner 2019.pdf
2026-03-29 18:48:33,842 INFO [172/254] Mitchell 2021.pdf
2026-03-29 18:48:36,767 INFO [173/254] Mitchell 2021b.pdf
2026-03-29 18:48:37,430 INFO [174/254] Mitchell 2023.pdf
2026-03-29 18:48:37,831 INFO [175/254] Morabito et al 2025.pdf
2026-03-29 18:48:41,970 INFO [176/254] Morgan 2023.pdf
2026-03-29 18:48:45,660 INFO [177/254] Morris 2024.pdf
2026-03-29 18:48:48,428 INFO [178/254] Morsel-Eisenberg Koerner 2021.pdf
2026-03-29 18:48:52,091 INFO [179/254] Mourelle 2024.pdf
2026-03-29 18:48:54,635 INFO [180/254] Mourlet 2022.pdf
2026-03-29 18:48:56,360 INFO [181/254] Mukherjee 2023.pdf
2026-03-29 18:48:59,101 INFO [182/254] Mulligan 2021.pdf
2026-03-29 18:49:01,167 INFO [183/254] Nagel 2020.pdf
2026-03-29 18:49:03,919 INFO [184/254] Neer 2019.pdf
2026-03-29 18:49:07,802 INFO [185/254] Newheiser 2020.pdf
2026-03-29 18:49:08,231 INFO [186/254] Ng 2023.pdf
2026-03-29 18:49:10,549 INFO [187/254] Nordblad 2021.pdf
2026-03-29 18:49:13,397 INFO [188/254] Oksala 2023.pdf
2026-03-29 18:49:16,215 INFO [189/254] O’Neill 2023.pdf
2026-03-29 18:49:19,102 INFO [190/254] Palacios 2019.pdf
2026-03-29 18:49:21,571 INFO [191/254] Panagia 2019.pdf
2026-03-29 18:49:25,296 INFO [192/254] Panofsky 2023.pdf
2026-03-29 18:49:26,530 INFO [193/254] Parisi 2022.pdf
2026-03-29 18:49:28,812 INFO [194/254] Parker 2025.pdf
2026-03-29 18:49:33,291 INFO [195/254] Peters Wickberg 2022.pdf
2026-03-29 18:49:35,917 INFO [196/254] Pippin 2019.pdf
2026-03-29 18:49:39,843 INFO [197/254] Platt 2020.pdf
2026-03-29 18:49:44,123 INFO [198/254] Pottage Biagioli 2023.pdf
2026-03-29 18:49:46,745 INFO [199/254] Pourciau 2022.pdf
2026-03-29 18:49:50,309 INFO [200/254] Qian 2020.pdf
2026-03-29 18:49:53,965 INFO [201/254] Rajagopal 2020.pdf
2026-03-29 18:49:57,202 INFO [202/254] Rancière 2022.pdf
2026-03-29 18:49:59,337 INFO [203/254] Reeves-Evison 2021.pdf
2026-03-29 18:50:02,306 INFO [204/254] Renard 2025.pdf
2026-03-29 18:50:04,517 INFO [205/254] Rennebohm 2023.pdf
2026-03-29 18:50:06,987 INFO [206/254] Robinson 2024a.pdf
2026-03-29 18:50:09,705 INFO [207/254] Robinson 2024b.pdf
2026-03-29 18:50:10,769 INFO [208/254] Roosth 2022.pdf
2026-03-29 18:50:13,834 INFO [209/254] Salvato 2025.pdf
2026-03-29 18:50:16,490 INFO [210/254] Saussy 2020.pdf
2026-03-29 18:50:18,083 INFO [211/254] Schmitt 2022.pdf
2026-03-29 18:50:18,729 INFO [212/254] Schultz 2021.pdf
2026-03-29 18:50:19,102 INFO [213/254] Schwendener 2025.pdf
2026-03-29 18:50:21,861 INFO [214/254] Schwenger 2022.pdf
2026-03-29 18:50:23,649 INFO [215/254] Schwenger 2024.pdf
2026-03-29 18:50:25,613 INFO [216/254] Scotch 2021.pdf
2026-03-29 18:50:26,151 INFO [217/254] Seguín 2022.pdf
2026-03-29 18:50:29,473 INFO [218/254] Shatz 2019.pdf
2026-03-29 18:50:32,246 INFO [219/254] Shechtman 2021.pdf
2026-03-29 18:50:35,586 INFO [220/254] Slater 2025.pdf
2026-03-29 18:50:36,530 INFO [221/254] Slaughter 2024.pdf
2026-03-29 18:50:38,157 INFO [222/254] Smith 2019.pdf
2026-03-29 18:50:41,126 INFO [223/254] Sollors 2020.pdf
2026-03-29 18:50:43,817 INFO [224/254] Somaini 2023.pdf
2026-03-29 18:50:46,338 INFO [225/254] Sorace 2020.pdf
2026-03-29 18:50:49,141 INFO [226/254] Sprenger 2023.pdf
2026-03-29 18:50:51,782 INFO [227/254] Stark 2024.pdf
2026-03-29 18:50:55,012 INFO [228/254] Stejskal 2021.pdf
2026-03-29 18:50:57,527 INFO [229/254] Stevens 2021.pdf
2026-03-29 18:50:58,255 INFO [230/254] Stine 2019.pdf
2026-03-29 18:51:00,909 INFO [231/254] Stoler 2022.pdf
2026-03-29 18:51:04,117 INFO [232/254] Swarbrick 2023.pdf
2026-03-29 18:51:06,788 INFO [233/254] Szendy 2021.pdf
2026-03-29 18:51:07,332 INFO [234/254] Taussig 2020.pdf
2026-03-29 18:51:08,848 INFO [235/254] Taussig 2021.pdf
2026-03-29 18:51:09,278 INFO [236/254] Tavlin 2022.pdf
2026-03-29 18:51:11,646 INFO [237/254] Thell 2025.pdf
2026-03-29 18:51:14,774 INFO [238/254] Thiemeyer 2019.pdf
2026-03-29 18:51:17,330 INFO [239/254] Tiisala 2021.pdf
2026-03-29 18:51:19,992 INFO [240/254] Tu 2024.pdf
2026-03-29 18:51:22,853 INFO [241/254] Vaughn 2024.pdf
2026-03-29 18:51:25,547 INFO [242/254] Veg 2020.pdf
2026-03-29 18:51:27,770 INFO [243/254] Wang 2020.pdf
2026-03-29 18:51:29,900 INFO [244/254] Wasielewski 2025.pdf
2026-03-29 18:51:30,813 INFO [245/254] Weatherby Justie 2022.pdf
2026-03-29 18:51:34,089 INFO [246/254] Wiemer 2025.pdf
2026-03-29 18:51:36,667 INFO [247/254] Wilkinson 2021.pdf
2026-03-29 18:51:36,763 INFO [248/254] Wilson 2025.pdf
2026-03-29 18:51:38,797 INFO [249/254] Wu 2020.pdf
2026-03-29 18:51:41,314 INFO [250/254] Yeager 2019.pdf
2026-03-29 18:51:43,264 INFO [251/254] Yu 2021.pdf
2026-03-29 18:51:45,376 INFO [252/254] Zervigón 2023.pdf
2026-03-29 18:51:49,138 INFO [253/254] Zhang 2022.pdf
2026-03-29 18:51:51,186 INFO [254/254] Žižek 2021.pdf
2026-03-29 18:51:51,818 INFO Done: 254 OK, 0 errors
2026-03-29 18:51:51,818 INFO Articles → derived/ci_raw_extractions_test.tsv/ci_articles.tsv
2026-03-29 18:51:51,819 INFO Footnotes → derived/ci_raw_extractions_test.tsv/ci_footnotes.tsv
2026-03-29 18:51:51,820 INFO Cited names → derived/ci_raw_extractions_test.tsv/ci_cited_names.tsv
2026-03-29 18:51:51,820 INFO Intro sentences → derived/ci_raw_extractions_test.tsv/ci_intro_sentences.tsv
